============================= test session starts =============================
platform win32 -- Python 3.11.9, pytest-8.4.1, pluggy-1.6.0 -- C:\Users\susid\OneDrive\Desktop\skuola\ML\.venv\Scripts\python.exe
cachedir: .pytest_cache
rootdir: C:\Users\susid\OneDrive\Desktop\skuola\ML
plugins: anyio-4.9.0
collecting ... collected 23 items

tests/test_environment.py::TestBalatroEnv::test_action_space PASSED      [  4%]
tests/test_environment.py::TestBalatroEnv::test_advance_blind PASSED     [  8%]
tests/test_environment.py::TestBalatroEnv::test_discard_cards PASSED     [ 13%]
tests/test_environment.py::TestBalatroEnv::test_environment_creation PASSED [ 17%]
tests/test_environment.py::TestBalatroEnv::test_game_lose_condition PASSED [ 21%]
tests/test_environment.py::TestBalatroEnv::test_game_win_condition PASSED [ 26%]
tests/test_environment.py::TestBalatroEnv::test_joker_effect FAILED      [ 30%]
tests/test_environment.py::TestBalatroEnv::test_observation_space FAILED [ 34%]
tests/test_environment.py::TestBalatroEnv::test_play_invalid_hand_size FAILED [ 39%]
tests/test_environment.py::TestBalatroEnv::test_play_valid_hand FAILED   [ 43%]
tests/test_environment.py::TestBalatroEnv::test_reset PASSED             [ 47%]
tests/test_environment.py::TestPokerEvaluator::test_flush_evaluation PASSED [ 52%]
tests/test_environment.py::TestPokerEvaluator::test_four_of_a_kind_evaluation PASSED [ 56%]
tests/test_environment.py::TestPokerEvaluator::test_full_house_evaluation PASSED [ 60%]
tests/test_environment.py::TestPokerEvaluator::test_high_card_evaluation PASSED [ 65%]
tests/test_environment.py::TestPokerEvaluator::test_less_than_5_cards_evaluation FAILED [ 69%]

================================== FAILURES ===================================
______________________ TestBalatroEnv.test_joker_effect _______________________

self = <test_environment.TestBalatroEnv testMethod=test_joker_effect>

    def test_joker_effect(self):
        self.env.reset()
        self.env.jokers = [Joker(JokerType.JOLLY_JOKER)]
        self.env.hands_left = 1
        self.env.score = 0
    
        self.env.hand = [
            Card(Suit.SPADES, Rank.ACE), Card(Suit.CLUBS, Rank.ACE),
            Card(Suit.DIAMONDS, Rank.TWO), Card(Suit.HEARTS, Rank.THREE),
            Card(Suit.SPADES, Rank.FOUR), Card(Suit.CLUBS, Rank.FIVE),
            Card(Suit.DIAMONDS, Rank.SIX), Card(Suit.HEARTS, Rank.SEVEN)
        ]
        action_mask = (1 << 0) | (1 << 1) | (1 << 2) | (1 << 3) | (1 << 4)
        action = action_mask
    
        obs, reward, done, truncated, info = self.env.step(action)
    
        _, base_chips, base_mult = PokerEvaluator.evaluate_hand(self.env.hand[0:5])
        expected_mult_without_joker = base_mult
        expected_chips_without_joker = base_chips
    
        self.assertEqual(info['hand_type'], HandType.PAIR.value)
>       self.assertAlmostEqual(info['hand_score'], (expected_chips_without_joker) * (expected_mult_without_joker + 8), places=2)
E       AssertionError: 390 != 369 within 2 places (21 difference)

tests\test_environment.py:199: AssertionError
____________________ TestBalatroEnv.test_observation_space ____________________

self = <test_environment.TestBalatroEnv testMethod=test_observation_space>

    def test_observation_space(self):
>       self.assertEqual(self.env.observation_space.shape, (200,))
E       AssertionError: Tuples differ: (158,) != (200,)
E       
E       First differing element 0:
E       158
E       200
E       
E       - (158,)
E       + (200,)

tests\test_environment.py:44: AssertionError
_________________ TestBalatroEnv.test_play_invalid_hand_size __________________

self = <test_environment.TestBalatroEnv testMethod=test_play_invalid_hand_size>

    def test_play_invalid_hand_size(self):
        self.env.reset()
        initial_hands_left = self.env.hands_left
    
        action_mask = (1 << 0) | (1 << 1) | (1 << 2)
        action = action_mask
    
        obs, reward, done, truncated, info = self.env.step(action)
    
>       self.assertEqual(self.env.hands_left, initial_hands_left)
E       AssertionError: 3 != 4

tests\test_environment.py:77: AssertionError
_____________________ TestBalatroEnv.test_play_valid_hand _____________________

self = <test_environment.TestBalatroEnv testMethod=test_play_valid_hand>

    def test_play_valid_hand(self):
        self.env.reset()
        initial_hands_left = self.env.hands_left
        initial_score = self.env.score
    
        self.env.hand = [
            Card(Suit.SPADES, Rank.TEN), Card(Suit.SPADES, Rank.JACK),
            Card(Suit.SPADES, Rank.QUEEN), Card(Suit.SPADES, Rank.KING),
            Card(Suit.SPADES, Rank.ACE),
            Card(Suit.CLUBS, Rank.TWO), Card(Suit.DIAMONDS, Rank.THREE),
            Card(Suit.HEARTS, Rank.FOUR)
        ]
        action_mask = (1 << 0) | (1 << 1) | (1 << 2) | (1 << 3) | (1 << 4)
        action = action_mask
    
        obs, reward, done, truncated, info = self.env.step(action)
    
>       self.assertEqual(self.env.hands_left, initial_hands_left - 1)
E       AssertionError: 4 != 3

tests\test_environment.py:63: AssertionError
____________ TestPokerEvaluator.test_less_than_5_cards_evaluation _____________

self = <test_environment.TestPokerEvaluator testMethod=test_less_than_5_cards_evaluation>

    def test_less_than_5_cards_evaluation(self):
        cards = [
            Card(Suit.HEARTS, Rank.ACE), Card(Suit.SPADES, Rank.ACE),
            Card(Suit.DIAMONDS, Rank.TWO)
        ]
        hand_type, chips, mult = PokerEvaluator.evaluate_hand(cards)
>       self.assertEqual(hand_type, HandType.HIGH_CARD)
E       AssertionError: <HandType.PAIR: 'pair'> != <HandType.HIGH_CARD: 'high_card'>

tests\test_environment.py:332: AssertionError
=========================== short test summary info ===========================
FAILED tests/test_environment.py::TestBalatroEnv::test_joker_effect - Asserti...
FAILED tests/test_environment.py::TestBalatroEnv::test_observation_space - As...
FAILED tests/test_environment.py::TestBalatroEnv::test_play_invalid_hand_size
FAILED tests/test_environment.py::TestBalatroEnv::test_play_valid_hand - Asse...
FAILED tests/test_environment.py::TestPokerEvaluator::test_less_than_5_cards_evaluation
!!!!!!!!!!!!!!!!!!!!!!!!!! stopping after 5 failures !!!!!!!!!!!!!!!!!!!!!!!!!!
======================== 5 failed, 11 passed in 0.34s =========================
